\set ECHO none

INSTALL
 template__dependency__add 
---------------------------
 
(1 row)

 template__dependency__add 
---------------------------
 
(1 row)

 template__dependency__add 
---------------------------
 
(1 row)

# TRANSACTION INTENTIONALLY LEFT OPEN
