\set ECHO none

psql:test/pgxntool/tap_setup.sql:3: NOTICE:  42P06: schema "tap" already exists, skipping
LOCATION:  CreateSchemaCommand, schemacmds.c:115
psql:test/pgxntool/tap_setup.sql:5: NOTICE:  42710: extension "pgtap" already exists, skipping
LOCATION:  CreateExtension, extension.c:1535
